BEGIN JordanSize.logarithmicChains
JordanSize.logarithmicChains.{u_1, u_2} {K : Type u_1} {V : Type u_2} [Field K] [AddCommGroup V] [Module K V]
  (D : Module.End K V) (hD : IsNilpotent D) (m : ℕ) :
  IsNilpotent (JordanSize.logFinite D m) ∧
    (∀ (j : ℕ),
        LinearMap.ker (JordanSize.logFinite D m ^ j) = LinearMap.ker (D ^ j) ∧
          LinearMap.range (JordanSize.logFinite D m ^ j) = LinearMap.range (D ^ j) ∧
            (JordanSize.logFinite D m ^ j = 0 ↔ D ^ j = 0)) ∧
      nilpotencyClass (JordanSize.logFinite D m) = nilpotencyClass D
'JordanSize.logarithmicChains' depends on axioms: [propext, Classical.choice, Quot.sound]
END JordanSize.logarithmicChains
BEGIN JordanSize.generalizedProduct
JordanSize.generalizedProduct.{u_1, u_2, u_3, u_4} {K : Type u_1} {V : Type u_2} {W : Type u_3} {Z : Type u_4} [Field K]
  [AddCommGroup V] [Module K V] [AddCommGroup W] [Module K W] [AddCommGroup Z] [Module K Z] (B : V →ₗ[K] W →ₗ[K] Z)
  (T : Module.End K V) (S : Module.End K W) (R : Module.End K Z) (h : ∀ (x : V) (y : W), R ((B x) y) = (B (T x)) (S y))
  (a b : K) (p q : ℕ) (x : V) (y : W) (hx : ((T - a • 1) ^ p) x = 0) (hy : ((S - b • 1) ^ q) y = 0) :
  ((R - (a * b) • 1) ^ (p + q - 1)) ((B x) y) = 0
'JordanSize.generalizedProduct' depends on axioms: [propext, Classical.choice, Quot.sound]
END JordanSize.generalizedProduct
BEGIN JordanSize.nilpotentFlow
JordanSize.nilpotentFlow.{u_1} {V : Type u_1} [AddCommGroup V] [Module ℚ V] (D : Module.End ℚ V) (hD : IsNilpotent D) :
  JordanSize.flow D 0 = 1 ∧
    (∀ (s t : ℚ), JordanSize.flow D (s + t) = JordanSize.flow D s * JordanSize.flow D t) ∧
      (∀ (t : ℚ), IsUnit (JordanSize.flow D t)) ∧
        (∀ (t : ℚ),
            JordanSize.flow D t * JordanSize.flow D (-t) = 1 ∧ JordanSize.flow D (-t) * JordanSize.flow D t = 1) ∧
          ∀ (m : ℕ), JordanSize.flow D ↑m = JordanSize.flow D 1 ^ m
'JordanSize.nilpotentFlow' depends on axioms: [propext, Classical.choice, Quot.sound]
END JordanSize.nilpotentFlow
BEGIN JordanSize.multiplicativeDecomposition
JordanSize.multiplicativeDecomposition.{u_1, u_2} {K : Type u_1} {V : Type u_2} [Field K] [PerfectField K]
  [AddCommGroup V] [Module K V] [FiniteDimensional K V] (T : Module.End K V) (hT : IsUnit T) :
  ∃ S U, S ∈ K[T] ∧ S.IsSemisimple ∧ IsUnit S ∧ IsNilpotent (U - 1) ∧ IsUnit U ∧ Commute S U ∧ T = S * U
'JordanSize.multiplicativeDecomposition' depends on axioms: [propext, Classical.choice, Quot.sound]
END JordanSize.multiplicativeDecomposition
BEGIN JordanSize.seriesLogExp
JordanSize.seriesLogExp :
  PowerSeries.subst (PowerSeries.log ℚ) (PowerSeries.exp ℚ) = 1 + PowerSeries.X ∧
    PowerSeries.subst (PowerSeries.exp ℚ - 1) (PowerSeries.log ℚ) = PowerSeries.X
'JordanSize.seriesLogExp' depends on axioms: [propext, Classical.choice, Quot.sound]
END JordanSize.seriesLogExp
BEGIN JordanSize.evaluatedInverse
JordanSize.evaluatedInverse.{u_1} {A : Type u_1} [CommRing A] [Algebra ℚ A] [UniformSpace ℚ] [DiscreteUniformity ℚ]
  [UniformSpace A] [IsUniformAddGroup A] [T2Space A] [CompleteSpace A] [IsTopologicalRing A] [IsLinearTopology A A]
  (a : A) (ha : IsNilpotent a) (hmap : Continuous ⇑(algebraMap ℚ A)) :
  PowerSeries.eval₂ (algebraMap ℚ A) (PowerSeries.eval₂ (algebraMap ℚ A) a (PowerSeries.log ℚ)) (PowerSeries.exp ℚ) =
      1 + a ∧
    PowerSeries.eval₂ (algebraMap ℚ A) (PowerSeries.eval₂ (algebraMap ℚ A) a (PowerSeries.exp ℚ) - 1)
        (PowerSeries.log ℚ) =
      a
'JordanSize.evaluatedInverse' depends on axioms: [propext, Classical.choice, Quot.sound]
END JordanSize.evaluatedInverse
BEGIN JordanSize.finiteExpLog
JordanSize.finiteExpLog.{u_1} {A : Type u_1} [CommRing A] [Algebra ℚ A] [UniformSpace ℚ] [DiscreteUniformity ℚ]
  [UniformSpace A] [IsUniformAddGroup A] [T2Space A] [CompleteSpace A] [IsTopologicalRing A] [IsLinearTopology A A]
  (a : A) (k : ℕ) (hk : a ^ k = 0) (hmap : Continuous ⇑(algebraMap ℚ A)) :
  IsNilpotent.exp (JordanSize.finiteLog a k) = 1 + a
'JordanSize.finiteExpLog' depends on axioms: [propext, Classical.choice, Quot.sound]
END JordanSize.finiteExpLog
BEGIN JordanSize.nilpotent_exp_injective
JordanSize.nilpotent_exp_injective.{u_1} {A : Type u_1} [Ring A] [Algebra ℚ A] {D E : A} (hD : IsNilpotent D)
  (hE : IsNilpotent E) (h : IsNilpotent.exp D = IsNilpotent.exp E) : D = E
'JordanSize.nilpotent_exp_injective' depends on axioms: [propext, Classical.choice, Quot.sound]
END JordanSize.nilpotent_exp_injective
BEGIN JordanSize.unipotent_bilinear
JordanSize.unipotent_bilinear.{u_1, u_2, u_3, u_4} {K : Type u_1} {V : Type u_2} [Field K] [AddCommGroup V] [Module K V]
  {W : Type u_3} {Z : Type u_4} [AddCommGroup W] [Module K W] [AddCommGroup Z] [Module K Z] [IsAlgClosed K]
  [FiniteDimensional K V] [FiniteDimensional K W] [FiniteDimensional K Z] (B : V →ₗ[K] W →ₗ[K] Z) (T : Module.End K V)
  (S : Module.End K W) (R : Module.End K Z) (FT : JordanSize.Factors T) (FS : JordanSize.Factors S)
  (FR : JordanSize.Factors R) (hB : ∀ (x : V) (y : W), R ((B x) y) = (B (T x)) (S y)) (x : V) (y : W) :
  FR.u ((B x) y) = (B (FT.u x)) (FS.u y)
'JordanSize.unipotent_bilinear' depends on axioms: [propext, Classical.choice, Quot.sound]
END JordanSize.unipotent_bilinear
BEGIN JordanSize.unipotent_multilinear
JordanSize.unipotent_multilinear.{u, u_1} {K : Type u_1} [Field K] [IsAlgClosed K] (n : ℕ) {M : Fin n → Type u}
  {Z : Type u} [(i : Fin n) → AddCommGroup (M i)] [(i : Fin n) → Module K (M i)]
  [∀ (i : Fin n), FiniteDimensional K (M i)] [AddCommGroup Z] [Module K Z] [FiniteDimensional K Z]
  (B : MultilinearMap K M Z) (T : (i : Fin n) → Module.End K (M i)) (R : Module.End K Z)
  (FT : (i : Fin n) → JordanSize.Factors (T i)) (FR : JordanSize.Factors R)
  (hB : ∀ (x : (i : Fin n) → M i), R (B x) = B fun i => (T i) (x i)) (x : (i : Fin n) → M i) :
  FR.u (B x) = B fun i => (FT i).u (x i)
'JordanSize.unipotent_multilinear' depends on axioms: [propext, Classical.choice, Quot.sound]
END JordanSize.unipotent_multilinear
BEGIN JordanSize.flowLeibniz
JordanSize.flowLeibniz.{u_1, u_2, u_3} {V : Type u_1} {W : Type u_2} {Z : Type u_3} [AddCommGroup V] [Module ℚ V]
  [AddCommGroup W] [Module ℚ W] [AddCommGroup Z] [Module ℚ Z] (B : V →ₗ[ℚ] W →ₗ[ℚ] Z) (D : Module.End ℚ V)
  (E : Module.End ℚ W) (F : Module.End ℚ Z) (hD : IsNilpotent D) (hE : IsNilpotent E) (hF : IsNilpotent F)
  (hB : ∀ (x : V) (y : W), (JordanSize.flow F 1) ((B x) y) = (B ((JordanSize.flow D 1) x)) ((JordanSize.flow E 1) y))
  (x : V) (y : W) : F ((B x) y) = (B (D x)) y + (B x) (E y)
'JordanSize.flowLeibniz' depends on axioms: [propext, Classical.choice, Quot.sound]
END JordanSize.flowLeibniz
BEGIN JordanSize.exponentialChains
JordanSize.exponentialChains.{u_2, u_3} {K : Type u_2} {V : Type u_3} [Field K] [Algebra ℚ K] [AddCommGroup V]
  [Module K V] [Module ℚ V] [IsScalarTower ℚ K V] (D : Module.End K V) (hD : IsNilpotent D) (j : ℕ) :
  ((IsNilpotent.exp D - 1) ^ j).ker = LinearMap.ker (D ^ j) ∧
    ((IsNilpotent.exp D - 1) ^ j).range = LinearMap.range (D ^ j) ∧ ((IsNilpotent.exp D - 1) ^ j = 0 ↔ D ^ j = 0)
'JordanSize.exponentialChains' depends on axioms: [propext, Classical.choice, Quot.sound]
END JordanSize.exponentialChains
BEGIN JordanSize.logarithm_bilinear
JordanSize.logarithm_bilinear.{u_1, u_2, u_3, u_4} {K : Type u_1} {V : Type u_2} [Field K] [Algebra ℚ K]
  [AddCommGroup V] [Module K V] [Module ℚ V] [IsScalarTower ℚ K V] {W : Type u_3} {Z : Type u_4} [AddCommGroup W]
  [Module K W] [Module ℚ W] [IsScalarTower ℚ K W] [AddCommGroup Z] [Module K Z] [Module ℚ Z] [IsScalarTower ℚ K Z]
  [IsAlgClosed K] [FiniteDimensional K V] [FiniteDimensional K W] [FiniteDimensional K Z] (B : V →ₗ[K] W →ₗ[K] Z)
  (T : Module.End K V) (S : Module.End K W) (R : Module.End K Z) (FT : JordanSize.Factors T) (FS : JordanSize.Factors S)
  (FR : JordanSize.Factors R) (hB : ∀ (x : V) (y : W), R ((B x) y) = (B (T x)) (S y)) (x : V) (y : W) :
  FR.log ((B x) y) = (B (FT.log x)) y + (B x) (FS.log y)
'JordanSize.logarithm_bilinear' depends on axioms: [propext, Classical.choice, Quot.sound]
END JordanSize.logarithm_bilinear
BEGIN JordanSize.logarithm_multilinear
JordanSize.logarithm_multilinear.{u, u_1} {K : Type u_1} [Field K] [Algebra ℚ K] [IsAlgClosed K] (n : ℕ)
  {M : Fin n → Type u} {Z : Type u} [(i : Fin n) → AddCommGroup (M i)] [(i : Fin n) → Module K (M i)]
  [(i : Fin n) → Module ℚ (M i)] [∀ (i : Fin n), IsScalarTower ℚ K (M i)] [∀ (i : Fin n), FiniteDimensional K (M i)]
  [AddCommGroup Z] [Module K Z] [Module ℚ Z] [IsScalarTower ℚ K Z] [FiniteDimensional K Z] (B : MultilinearMap K M Z)
  (T : (i : Fin n) → Module.End K (M i)) (R : Module.End K Z) (FT : (i : Fin n) → JordanSize.Factors (T i))
  (FR : JordanSize.Factors R) (hB : ∀ (x : (i : Fin n) → M i), R (B x) = B fun i => (T i) (x i))
  (x : (i : Fin n) → M i) : FR.log (B x) = ∑ i, B (Function.update x i ((FT i).log (x i)))
'JordanSize.logarithm_multilinear' depends on axioms: [propext, Classical.choice, Quot.sound]
END JordanSize.logarithm_multilinear
BEGIN JordanSize.Factors.log_power
JordanSize.Factors.log_power.{u_2, u_3} {K : Type u_2} {V : Type u_3} [Field K] [PerfectField K] [Algebra ℚ K]
  [AddCommGroup V] [Module K V] [Module ℚ V] [IsScalarTower ℚ K V] [FiniteDimensional K V] {T : Module.End K V}
  (F : JordanSize.Factors T) (a : ℕ) : (F.power a).log = ↑a • F.log
'JordanSize.Factors.log_power' depends on axioms: [propext, Classical.choice, Quot.sound]
END JordanSize.Factors.log_power
BEGIN JordanSize.exp_integer
JordanSize.exp_integer.{u_1} {A : Type u_1} [Ring A] [Algebra ℚ A] (D : A) (hD : IsNilpotent D) (U : Aˣ)
  (hU : ↑U = IsNilpotent.exp D) (m : ℤ) : ↑(U ^ m) = IsNilpotent.exp (↑m • D)
'JordanSize.exp_integer' depends on axioms: [propext, Classical.choice, Quot.sound]
END JordanSize.exp_integer
BEGIN JordanSize.jordanBound_log_iff
JordanSize.jordanBound_log_iff.{u_1, u_2} {K : Type u_1} {V : Type u_2} [Field K] [Algebra ℚ K] [IsAlgClosed K]
  [AddCommGroup V] [Module K V] [Module ℚ V] [IsScalarTower ℚ K V] [FiniteDimensional K V] {T : Module.End K V}
  (F : JordanSize.Factors T) (j : ℕ) : JordanSize.JordanBound T j ↔ F.log ^ j = 0
'JordanSize.jordanBound_log_iff' depends on axioms: [propext, Classical.choice, Quot.sound]
END JordanSize.jordanBound_log_iff
BEGIN JordanSize.largestJordanBlock_characterization
JordanSize.largestJordanBlock_characterization.{u_1, u_2} {K : Type u_1} {V : Type u_2} [Field K] [Algebra ℚ K]
  [IsAlgClosed K] [AddCommGroup V] [Module K V] [Module ℚ V] [IsScalarTower ℚ K V] [FiniteDimensional K V]
  {T : Module.End K V} [Nontrivial V] (F : JordanSize.Factors T) :
  JordanSize.largestJordanBlock T = 1 + (nilpotencyClass F.log - 1) ∧
    F.log ^ (JordanSize.largestJordanBlock T - 1) ≠ 0 ∧
      F.log ^ JordanSize.largestJordanBlock T = 0 ∧ ∀ (j : ℕ), JordanSize.largestJordanBlock T ≤ j → F.log ^ j = 0
'JordanSize.largestJordanBlock_characterization' depends on axioms: [propext, Classical.choice, Quot.sound]
END JordanSize.largestJordanBlock_characterization
BEGIN JordanSize.log_baseChange
JordanSize.log_baseChange.{u_1, u_2, u_3} {K : Type u_1} {V : Type u_2} {L : Type u_3} [Field K] [PerfectField K]
  [Field L] [Algebra K L] [AddCommGroup V] [Module K V] [FiniteDimensional K V] {T : Module.End K V} [Algebra ℚ K]
  [Algebra ℚ L] [IsScalarTower ℚ K L] [Module ℚ V] [IsScalarTower ℚ K V] (F : JordanSize.Factors T) :
  F.baseChange.log = (Module.End.baseChangeHom K L V) F.log
'JordanSize.log_baseChange' depends on axioms: [propext, Classical.choice, Quot.sound]
END JordanSize.log_baseChange
BEGIN JordanSize.lemma_1_1_linear
JordanSize.lemma_1_1_linear.{u, u_1} {K : Type u_1} [Field K] [Algebra ℚ K] [IsAlgClosed K] {V : Type u}
  [AddCommGroup V] [Module K V] [Module ℚ V] [IsScalarTower ℚ K V] [FiniteDimensional K V] [Nontrivial V]
  {T : Module.End K V} (F : JordanSize.Factors T) : JordanSize.LogarithmicChainStatement F
'JordanSize.lemma_1_1_linear' depends on axioms: [propext, Classical.choice, Quot.sound]
END JordanSize.lemma_1_1_linear
BEGIN JordanSize.lemma_1_1
JordanSize.lemma_1_1.{u, u_1} {K : Type u_1} [Field K] [Algebra ℚ K] [IsAlgClosed K] (n : ℕ) {M : Fin n → Type u}
  {Z : Type u} [(i : Fin n) → AddCommGroup (M i)] [(i : Fin n) → Module K (M i)] [(i : Fin n) → Module ℚ (M i)]
  [∀ (i : Fin n), IsScalarTower ℚ K (M i)] [∀ (i : Fin n), FiniteDimensional K (M i)] [∀ (i : Fin n), Nontrivial (M i)]
  [AddCommGroup Z] [Module K Z] [Module ℚ Z] [IsScalarTower ℚ K Z] [FiniteDimensional K Z] [Nontrivial Z]
  (B : MultilinearMap K M Z) (T : (i : Fin n) → Module.End K (M i)) (R : Module.End K Z)
  (hT : ∀ (i : Fin n), IsUnit (T i)) (hR : IsUnit R)
  (hB : ∀ (x : (i : Fin n) → M i), R (B x) = B fun i => (T i) (x i)) :
  (∀ (i : Fin n), JordanSize.LogarithmicChainStatement (JordanSize.jordanFactors (T i) ⋯)) ∧
    JordanSize.LogarithmicChainStatement (JordanSize.jordanFactors R hR) ∧
      (∀ (x : (i : Fin n) → M i),
          (JordanSize.jordanFactors R hR).u (B x) = B fun i => (JordanSize.jordanFactors (T i) ⋯).u (x i)) ∧
        ∀ (x : (i : Fin n) → M i),
          (JordanSize.jordanFactors R hR).log (B x) =
            ∑ i, B (Function.update x i ((JordanSize.jordanFactors (T i) ⋯).log (x i)))
'JordanSize.lemma_1_1' depends on axioms: [propext, Classical.choice, Quot.sound]
END JordanSize.lemma_1_1
BEGIN JordanSize.Factors.baseChange
JordanSize.Factors.baseChange.{u_1, u_2, u_3} {K : Type u_1} {V : Type u_2} {L : Type u_3} [Field K] [PerfectField K]
  [Field L] [Algebra K L] [AddCommGroup V] [Module K V] [FiniteDimensional K V] {T : Module.End K V}
  (F : JordanSize.Factors T) : JordanSize.Factors ((Module.End.baseChangeHom K L V) T)
'JordanSize.Factors.baseChange' depends on axioms: [propext, Classical.choice, Quot.sound]
END JordanSize.Factors.baseChange
