Linear.Reduction: cached compiled module (source and project dependencies unchanged)
Linear.Duality: cached compiled module (source and project dependencies unchanged)
Linear.Target: cached compiled module (source and project dependencies unchanged)
Linear.Primitive: cached compiled module (source and project dependencies unchanged)
Linear.DoublePoint: cached compiled module (source and project dependencies unchanged)
Linear.FirstJet: cached compiled module (source and project dependencies unchanged)
Linear.GenericFiber: cached compiled module (source and project dependencies unchanged)
Linear.PairingMatrix: cached compiled module (source and project dependencies unchanged)
Linear.Degree: cached compiled module (source and project dependencies unchanged)
Linear.Iteration: cached compiled module (source and project dependencies unchanged)
Linear.Projective: cached compiled module (source and project dependencies unchanged)
Linear.Evaluation: cached compiled module (source and project dependencies unchanged)
Linear.LinearSubspace: cached compiled module (source and project dependencies unchanged)
Linear.Thickening: cached compiled module (source and project dependencies unchanged)
Linear.OneVariable: cached compiled module (source and project dependencies unchanged)
Linear.SoclePairing: cached compiled module (source and project dependencies unchanged)
Linear.ResiduePairing: cached compiled module (source and project dependencies unchanged)
Linear.TraceElement: cached compiled module (source and project dependencies unchanged)
Linear.ParameterQuotient: cached compiled module (source and project dependencies unchanged)
Linear.DeterminantAnnihilator: cached compiled module (source and project dependencies unchanged)
Linear.PowerSeriesCoefficients: cached compiled module (source and project dependencies unchanged)
Linear.PowerSeriesRegular: cached compiled module (source and project dependencies unchanged)
Linear.Vendor.ExteriorBaseChange: cached compiled module (source and project dependencies unchanged)
Linear.Vendor.ExteriorProduct: cached compiled module (source and project dependencies unchanged)
Linear.Vendor.KoszulComplex: cached compiled module (source and project dependencies unchanged)
Linear.KoszulResolution: cached compiled module (source and project dependencies unchanged)
Linear.KoszulTop: cached compiled module (source and project dependencies unchanged)
Linear.KoszulComparison: cached compiled module (source and project dependencies unchanged)
Linear.KoszulHomotopyTop: cached compiled module (source and project dependencies unchanged)
Linear.KoszulSocleMap: cached compiled module (source and project dependencies unchanged)
Linear.KoszulFunctionResolution: cached compiled module (source and project dependencies unchanged)
Linear.KoszulSocleDeterminant: cached compiled module (source and project dependencies unchanged)
Linear.PowerSeriesSocle: cached compiled module (source and project dependencies unchanged)
Linear.PowerSeriesAugmentation: cached compiled module (source and project dependencies unchanged)
Linear.PowerSeriesSpecialization: cached compiled module (source and project dependencies unchanged)
Linear.RegularSpecialization: cached compiled module (source and project dependencies unchanged)
Linear.FiniteSpecialization: cached compiled module (source and project dependencies unchanged)
Linear.SocleTransport: cached compiled module (source and project dependencies unchanged)
Linear.TensorSpecialization: cached compiled module (source and project dependencies unchanged)
Linear.NilpotentEvaluation: cached compiled module (source and project dependencies unchanged)
Linear.NilpotentEvaluationUnique: cached compiled module (source and project dependencies unchanged)
Linear.PolynomialDiagonal: cached compiled module (source and project dependencies unchanged)
Linear.PowerSeriesDiagonal: cached compiled module (source and project dependencies unchanged)
Linear.ArtinianDiagonal: cached compiled module (source and project dependencies unchanged)
Linear.DiagonalTrace: cached compiled module (source and project dependencies unchanged)
Linear.JacobianTrace: cached compiled module (source and project dependencies unchanged)
Linear.PolynomialApproximation: cached compiled module (source and project dependencies unchanged)
Linear.UniversalDifference: cached compiled module (source and project dependencies unchanged)
Linear.PolynomialSocle: cached compiled module (source and project dependencies unchanged)
Linear.DiagonalNonzero: cached compiled module (source and project dependencies unchanged)
Linear.TensorDifference: cached compiled module (source and project dependencies unchanged)
Linear.JacobianNonzero: cached compiled module (source and project dependencies unchanged)
Linear.JacobianSpecialization: cached compiled module (source and project dependencies unchanged)
Linear.RelativeJacobianTrace: cached compiled module (source and project dependencies unchanged)
Linear.CenteredRelativeJacobian: cached compiled module (source and project dependencies unchanged)
Linear.ParameterPairingChange: cached compiled module (source and project dependencies unchanged)
Linear.PowerSeriesFlatten: cached compiled module (source and project dependencies unchanged)
Linear.PowerSeriesDerivative: cached compiled module (source and project dependencies unchanged)
Linear.PowerSeriesTranslation: cached compiled module (source and project dependencies unchanged)
Linear.PowerSeriesFlattenDerivative: cached compiled module (source and project dependencies unchanged)
Linear.PowerSeriesCoordinateChart: cached compiled module (source and project dependencies unchanged)
Linear.PowerSeriesCentering: cached compiled module (source and project dependencies unchanged)
Linear.CompleteIntersectionChange: cached compiled module (source and project dependencies unchanged)
Linear.RelativeJacobian: cached compiled module (source and project dependencies unchanged)
Linear.ParameterLinearPart: cached compiled module (source and project dependencies unchanged)
Linear.ParameterSubstitution: cached compiled module (source and project dependencies unchanged)
Linear.NilpotentRegular: cached compiled module (source and project dependencies unchanged)
Linear.RegularGeneratorsFree: cached compiled module (source and project dependencies unchanged)
Linear.LiftedParametersRegular: cached compiled module (source and project dependencies unchanged)
Linear.LiftedParameterCoordinates: cached compiled module (source and project dependencies unchanged)
Linear.LiftedParameterMaps: cached compiled module (source and project dependencies unchanged)
Linear.LiftedParameterPresentation: cached compiled module (source and project dependencies unchanged)
Linear.ArbitraryParameterJacobian: cached compiled module (source and project dependencies unchanged)
Linear.ArbitraryParameterSocle: cached compiled module (source and project dependencies unchanged)
Linear.LocalResidueEvaluation: cached compiled module (source and project dependencies unchanged)
Linear.LocalFiberJacobian: cached compiled module (source and project dependencies unchanged)
Linear.ArtinianGlobalPairing: cached compiled module (source and project dependencies unchanged)
Linear.PolynomialFiberDiagonal: cached compiled module (source and project dependencies unchanged)
Linear.PolynomialRegular: cached compiled module (source and project dependencies unchanged)
Linear.DiagonalNormalization: cached compiled module (source and project dependencies unchanged)
Linear.PolynomialGlobalResidue: cached compiled module (source and project dependencies unchanged)
Linear.GlobalDiagonalNormalization: cached compiled module (source and project dependencies unchanged)
Linear.PolynomialDoubleFiber: cached compiled module (source and project dependencies unchanged)
Linear.PolynomialDifferenceDegree: cached compiled module (source and project dependencies unchanged)
Linear.PolynomialOriginFinite: cached compiled module (source and project dependencies unchanged)
Linear.HomogeneousQuotient: cached compiled module (source and project dependencies unchanged)
Linear.AffineFiltered: cached compiled module (source and project dependencies unchanged)
Linear.FirstSyzygy: cached compiled module (source and project dependencies unchanged)
Linear.FilteredIdeal: cached compiled module (source and project dependencies unchanged)
Linear.AffineFunctional: cached compiled module (source and project dependencies unchanged)
Linear.PolynomialContraction: cached compiled module (source and project dependencies unchanged)
Linear.TopDeterminant: cached compiled module (source and project dependencies unchanged)
Linear.ContractionPairing: cached compiled module (source and project dependencies unchanged)
Linear.AffineDiagonal: cached compiled module (source and project dependencies unchanged)
Linear.PointDecomposition: cached compiled module (source and project dependencies unchanged)
Linear.LocalizedAnnihilator: cached compiled module (source and project dependencies unchanged)
Linear.AffinePointRelation: cached compiled module (source and project dependencies unchanged)
Linear.ProjectiveChart: cached compiled module (source and project dependencies unchanged)
Linear.ArtinianCompletion: cached compiled module (source and project dependencies unchanged)
Linear.HomogeneousLocalization: cached compiled module (source and project dependencies unchanged)
Linear.Vendor.CM.DepthBasic: cached compiled module (source and project dependencies unchanged)
Linear.Vendor.CM.DepthIschebeck: cached compiled module (source and project dependencies unchanged)
Linear.Vendor.CM.CohenMacaulayBasic: cached compiled module (source and project dependencies unchanged)
Linear.Vendor.CM.CohenMacaulayCatenary: cached compiled module (source and project dependencies unchanged)
Linear.Vendor.CM.CohenMacaulayPolynomial: cached compiled module (source and project dependencies unchanged)
Linear.OriginRegular: cached compiled module (source and project dependencies unchanged)
Linear.AffineOriginRelation: cached compiled module (source and project dependencies unchanged)
Linear.CompletionQuotient: cached compiled module (source and project dependencies unchanged)
Linear.LocalFiber: cached compiled module (source and project dependencies unchanged)
Linear.CompletionLocalization: cached compiled module (source and project dependencies unchanged)
Linear.PolynomialFormalCompletion: cached compiled module (source and project dependencies unchanged)
Linear.PolynomialRecentering: cached compiled module (source and project dependencies unchanged)
Linear.CompletionCongr: cached compiled module (source and project dependencies unchanged)
Linear.PolynomialPointCompletion: cached compiled module (source and project dependencies unchanged)
Linear.FormalInverseJacobian: cached compiled module (source and project dependencies unchanged)
Linear.SmoothFormalCoordinates: cached compiled module (source and project dependencies unchanged)
Linear.SmoothFormalQuotient: cached compiled module (source and project dependencies unchanged)
Linear.PolynomialFormalFiber: cached compiled module (source and project dependencies unchanged)
Linear.FormalFirstOrder: cached compiled module (source and project dependencies unchanged)
Linear.PowerSeriesThickeningFinite: cached compiled module (source and project dependencies unchanged)
Linear.PowerSeriesThickeningReduction: cached compiled module (source and project dependencies unchanged)
Linear.PowerSeriesCohenMacaulay: cached compiled module (source and project dependencies unchanged)
Linear.PowerSeriesThickeningRegular: cached compiled module (source and project dependencies unchanged)
Linear.PowerSeriesThickeningFlat: cached compiled module (source and project dependencies unchanged)
Linear.ThickeningFromRadical: cached compiled module (source and project dependencies unchanged)
Linear.ProjectiveIdealInvariance: cached compiled module (source and project dependencies unchanged)
Linear.FormalInvariantThickening: cached compiled module (source and project dependencies unchanged)
Linear.PolynomialFormalDerivative: cached compiled module (source and project dependencies unchanged)
Linear.PolynomialSmoothCoordinates: cached compiled module (source and project dependencies unchanged)
Linear.LocalPullbackGenerators: cached compiled module (source and project dependencies unchanged)
Linear.ProjectiveCoordinateRelabel: cached compiled module (source and project dependencies unchanged)
Linear.SmoothInvariantLocal: cached compiled module (source and project dependencies unchanged)
Linear.ProjectiveSmoothLocal: cached compiled module (source and project dependencies unchanged)
Linear.UnramifiedParameters: cached compiled module (source and project dependencies unchanged)
Linear.PolynomialSmoothReduction: cached compiled module (source and project dependencies unchanged)
Linear.UnramifiedSmoothParameters: cached compiled module (source and project dependencies unchanged)
Linear.PolynomialDerivationChain: cached compiled module (source and project dependencies unchanged)
Linear.SmoothNormalJacobian: cached compiled module (source and project dependencies unchanged)
Linear.SmoothPolynomialFiber: cached compiled module (source and project dependencies unchanged)
Linear.FormalParameterFiber: cached compiled module (source and project dependencies unchanged)
Linear.LocalQuotientPullback: cached compiled module (source and project dependencies unchanged)
Linear.ActualUnramifiedPullback: cached compiled module (source and project dependencies unchanged)
Linear.SmoothPolynomialSocle: cached compiled module (source and project dependencies unchanged)
Linear.PolynomialFiberJacobian: cached compiled module (source and project dependencies unchanged)
Linear.FormalPullbackFiber: cached compiled module (source and project dependencies unchanged)
Linear.SmoothProjectiveFormalSocle: cached compiled module (source and project dependencies unchanged)
Linear.ConormalGenerators: cached compiled module (source and project dependencies unchanged)
Linear.SmoothConormal: cached compiled module (source and project dependencies unchanged)
Linear.SmoothPolynomialGenerators: cached compiled module (source and project dependencies unchanged)
Linear.LocalizedDifferentialBasis: cached compiled module (source and project dependencies unchanged)
Linear.RectangularMinor: cached compiled module (source and project dependencies unchanged)
Linear.SplitJacobianRank: cached compiled module (source and project dependencies unchanged)
Linear.PolynomialPointEvaluation: cached compiled module (source and project dependencies unchanged)
Linear.SmoothJacobianMinor: cached compiled module (source and project dependencies unchanged)
Linear.SmoothCoordinateSplit: cached compiled module (source and project dependencies unchanged)
Linear.SmoothReindexedFormalIdeal: cached compiled module (source and project dependencies unchanged)
Linear.SmoothCotangentDimension: cached compiled module (source and project dependencies unchanged)
Linear.CommonNormalCoordinates: cached compiled module (source and project dependencies unchanged)
Linear.PolynomialLinearChange: cached compiled module (source and project dependencies unchanged)
Linear.CommonPolynomialCoordinates: cached compiled module (source and project dependencies unchanged)
Linear.SmoothFixedConormalRank: cached compiled module (source and project dependencies unchanged)
Linear.SmoothCommonCoordinates: cached compiled module (source and project dependencies unchanged)
Linear.LocalGeneratorsEquiv: cached compiled module (source and project dependencies unchanged)
Linear.SmoothCommonFormalCoordinates: cached compiled module (source and project dependencies unchanged)
Linear.LocalizedDifferentialRank: cached compiled module (source and project dependencies unchanged)
Linear.SmoothLocusCoordinates: cached compiled module (source and project dependencies unchanged)
Linear.FirstJetNormalForm: cached compiled module (source and project dependencies unchanged)
Linear.TargetLinearNormal: cached compiled module (source and project dependencies unchanged)
Linear.PolynomialLinearGrading: cached compiled module (source and project dependencies unchanged)
Linear.OriginalIdealFirstOrder: cached compiled module (source and project dependencies unchanged)
Linear.SmoothTargetFirstOrder: cached compiled module (source and project dependencies unchanged)
Linear.FirstOrderLocalParameters: cached compiled module (source and project dependencies unchanged)
Linear.PolynomialFirstJet: cached compiled module (source and project dependencies unchanged)
Linear.PolynomialLocalParameters: cached compiled module (source and project dependencies unchanged)
Linear.PolynomialNormalEquations: cached compiled module (source and project dependencies unchanged)
Linear.SmoothCoordinateRank: cached compiled module (source and project dependencies unchanged)
Linear.OriginalPolynomialNormal: cached compiled module (source and project dependencies unchanged)
Linear.ConstructedTargetParameters: cached compiled module (source and project dependencies unchanged)
Linear.LocalQuotientMaximalIdeal: cached compiled module (source and project dependencies unchanged)
Linear.ActualTargetParameters: cached compiled module (source and project dependencies unchanged)
Linear.PointLocalCoordinateEquiv: cached compiled module (source and project dependencies unchanged)
Linear.SmoothTargetParameters: cached compiled module (source and project dependencies unchanged)
Linear.SmoothUnramifiedParameters: cached compiled module (source and project dependencies unchanged)
Linear.ProjectiveRationalChart: cached compiled module (source and project dependencies unchanged)
Linear.GeneralLocalQuotientPullback: cached compiled module (source and project dependencies unchanged)
Linear.RationalChartFormalComparison: cached compiled module (source and project dependencies unchanged)
Linear.HomogeneousRationalPullback: cached compiled module (source and project dependencies unchanged)
Linear.HomogeneousRationalIdeal: cached compiled module (source and project dependencies unchanged)
Linear.ProjectiveRationalInvariance: cached compiled module (source and project dependencies unchanged)
Linear.LocalizedPointQuotientEquiv: cached compiled module (source and project dependencies unchanged)
Linear.ProjectiveRationalFormalIdeal: cached compiled module (source and project dependencies unchanged)
Linear.AffineChartComparison: cached compiled module (source and project dependencies unchanged)
Linear.LocalizedSmoothPointReduction: cached compiled module (source and project dependencies unchanged)
Linear.GeneralUnramifiedPullback: cached compiled module (source and project dependencies unchanged)
Linear.RationalSmoothReduction: cached compiled module (source and project dependencies unchanged)
Linear.RationalUnramifiedParameters: cached compiled module (source and project dependencies unchanged)
Linear.RationalSmoothTargetParameters: cached compiled module (source and project dependencies unchanged)
Linear.RationalSmoothRadical: cached compiled module (source and project dependencies unchanged)
Linear.RationalSmoothJacobianSocle: cached compiled module (source and project dependencies unchanged)
Linear.ProjectiveAffinePrime: cached compiled module (source and project dependencies unchanged)
Linear.ProjectiveAffinePoint: cached compiled module (source and project dependencies unchanged)
Linear.ProjectiveAffineVariety: cached compiled module (source and project dependencies unchanged)
Linear.ProjectiveAffinePointData: cached compiled module (source and project dependencies unchanged)
Linear.LocalPullbackEssentialFiniteType: cached compiled module (source and project dependencies unchanged)
Linear.RationalLocalEssentialFiniteType: cached compiled module (source and project dependencies unchanged)
Linear.RationalFiniteTypeSocle: cached compiled module (source and project dependencies unchanged)
Linear.GenericSmoothOpen: cached compiled module (source and project dependencies unchanged)
Linear.FiniteTypeRationalPoint: cached compiled module (source and project dependencies unchanged)
Linear.SmoothRationalPoint: cached compiled module (source and project dependencies unchanged)
Linear.ProjectiveAffineSmoothLocus: cached compiled module (source and project dependencies unchanged)
Linear.ProjectiveAffineSmoothPoint: cached compiled module (source and project dependencies unchanged)
Linear.SmoothPointPrincipalOpen: cached compiled module (source and project dependencies unchanged)
Linear.ProjectiveSmoothOpenPoint: cached compiled module (source and project dependencies unchanged)
Linear.ProjectiveCommonChart: cached compiled module (source and project dependencies unchanged)
Linear.ProjectiveConeSurjectivity: cached compiled module (source and project dependencies unchanged)
Linear.ProjectiveCoordinateDomainMap: cached compiled module (source and project dependencies unchanged)
Linear.FiniteTypeFieldEndomorphism: cached compiled module (source and project dependencies unchanged)
Linear.FieldEndomorphismMap: cached compiled module (source and project dependencies unchanged)
Linear.ProjectiveCoordinateFractionMap: cached compiled module (source and project dependencies unchanged)
Linear.ProjectiveCoordinateGenericMap: cached compiled module (source and project dependencies unchanged)
Linear.ProjectiveGenericUnramified: cached compiled module (source and project dependencies unchanged)
Linear.GenericUnramifiedOpen: cached compiled module (source and project dependencies unchanged)
Linear.ProjectiveConeUnramifiedOpen: cached compiled module (source and project dependencies unchanged)
Linear.CoordinateRatioField: cached compiled module (source and project dependencies unchanged)
Linear.HomogeneousRatioFieldMap: cached compiled module (source and project dependencies unchanged)
Linear.ProjectiveCoordinateRatioMap: cached compiled module (source and project dependencies unchanged)
Linear.ProjectiveRatioChartKernel: cached compiled module (source and project dependencies unchanged)
Linear.ProjectiveChartFractionField: cached compiled module (source and project dependencies unchanged)
Linear.ProjectiveChartGenericMap: cached compiled module (source and project dependencies unchanged)
Linear.ProjectiveChartMapCoordinates: cached compiled module (source and project dependencies unchanged)
Linear.AwayFractionEmbedding: cached compiled module (source and project dependencies unchanged)
Linear.ProjectiveChartOpenMap: cached compiled module (source and project dependencies unchanged)
Linear.AwayFractionUnramified: cached compiled module (source and project dependencies unchanged)
Linear.ProjectiveChartUnramifiedOpen: cached compiled module (source and project dependencies unchanged)
Linear.GenericSmoothUnramifiedOpen: cached compiled module (source and project dependencies unchanged)
Linear.ProjectiveChartSmoothUnramified: cached compiled module (source and project dependencies unchanged)
Linear.UnramifiedLocalRingHom: cached compiled module (source and project dependencies unchanged)
Linear.GoodRationalPointForMap: cached compiled module (source and project dependencies unchanged)
Linear.ProjectiveChartGoodPoint: cached compiled module (source and project dependencies unchanged)
Linear.RationalPointLocalMap: cached compiled module (source and project dependencies unchanged)
Linear.ProjectiveChartLocalParameters: cached compiled module (source and project dependencies unchanged)
Linear.QuotientLocalPullbackComparison: cached compiled module (source and project dependencies unchanged)
Linear.AwayQuotientComparison: cached compiled module (source and project dependencies unchanged)
Linear.ProjectiveAmbientOpenComparison: cached compiled module (source and project dependencies unchanged)
Linear.LocalMapEquivComparison: cached compiled module (source and project dependencies unchanged)
Linear.RationalPointUnramifiedComposition: cached compiled module (source and project dependencies unchanged)
Linear.ProjectiveAmbientUnramifiedPoint: cached compiled module (source and project dependencies unchanged)
Linear.RationalPointLocalization: cached compiled module (source and project dependencies unchanged)
Linear.AffineRationalPointValues: cached compiled module (source and project dependencies unchanged)
Linear.ProjectiveGoodAffineCoordinates: cached compiled module (source and project dependencies unchanged)
Linear.ProjectiveAmbientAtPoint: cached compiled module (source and project dependencies unchanged)
Linear.ProjectiveCoordinateUnramified: cached compiled module (source and project dependencies unchanged)
Linear.ProjectiveSmoothPointParameters: cached compiled module (source and project dependencies unchanged)
Linear.ProjectiveLocalParametersConstructed: cached compiled module (source and project dependencies unchanged)
Linear.FractionModelAlgebraicOpen: cached compiled module (source and project dependencies unchanged)
Linear.ProjectiveTargetGoodOpen: cached compiled module (source and project dependencies unchanged)
Linear.TargetGoodLoci: cached compiled module (source and project dependencies unchanged)
Linear.ProjectiveTargetGoodLoci: cached compiled module (source and project dependencies unchanged)
Linear.HomogeneousMapFinite: cached compiled module (source and project dependencies unchanged)
Linear.ProjectiveConeFinite: cached compiled module (source and project dependencies unchanged)
Linear.FiniteRationalPoints: cached compiled module (source and project dependencies unchanged)
Linear.PolynomialMapFibersFinite: cached compiled module (source and project dependencies unchanged)
Linear.ProjectiveFibersFinite: cached compiled module (source and project dependencies unchanged)
Linear.ProjectiveFiberChartAvoidance: exit 0; source 860dffa0ec4646dfc7495764b0da13d96866ef843ec3785ed8c816b9ed5141f9
Linear\ProjectiveFiberChartAvoidance.lean:20:2: warning: Try this: 
  letI̵

The goal is a proposition, so `let` is preferred over `letI`.
The difference between `let` and `letI` is that `letI` inlines the value.
But this is not relevant for proofs because of proof irrelevance.

Note: This linter can be disabled with `set_option linter.style.haveILetI false`
Linear\ProjectiveFiberChartAvoidance.lean:21:2: warning: Try this: 
  letI̵

The goal is a proposition, so `let` is preferred over `letI`.
The difference between `let` and `letI` is that `letI` inlines the value.
But this is not relevant for proofs because of proof irrelevance.

Note: This linter can be disabled with `set_option linter.style.haveILetI false`
Linear\ProjectiveFiberChartAvoidance.lean:34:2: warning: Try this: 
  letI̵

The goal is a proposition, so `let` is preferred over `letI`.
The difference between `let` and `letI` is that `letI` inlines the value.
But this is not relevant for proofs because of proof irrelevance.

Note: This linter can be disabled with `set_option linter.style.haveILetI false`
Linear\ProjectiveFiberChartAvoidance.lean:41:4: warning: `simp` already closes the goal

Hint: Use `simp` instead of `simpa`:
  [apply] simp at he

Note: This linter can be disabled with `set_option linter.unnecessarySimpa false`

Linear.ProjectiveConeChartOpenIntersection: exit 0; source cec6bb8c89a3d80663a5c7b48406e998360e93fb48c51419ae43f949386e6e25

Linear.ProjectiveConeChartEvaluation: exit 0; source 5e3770eac46f93d1d5d9864de7ce3c33afe2a4ced5ba9cc38b57570793b5e545

Linear.ProjectiveWholeFiberChart: exit 0; source ac8304988f897ca3a27bb1405a82b0d984cc706e64a01b80e1febb98c8aebf7c

Linear.ProjectiveConeGoodTargetPoint: exit 0; source 261dfac6bccb597ac896eef7b1188599d8ad5cf2cab86e370796967c0a63804a
Linear\ProjectiveConeGoodTargetPoint.lean:26:4: warning: `simp` already closes the goal

Hint: Use `simp` instead of `simpa`:
  [apply] simp at he

Note: This linter can be disabled with `set_option linter.unnecessarySimpa false`

Linear.ProjectiveChartPointEvaluation: exit 0; source 0b5282d91e82d34818d18f392b0634fd617cfe69bf554fd573008ae39caf67b5
Linear\ProjectiveChartPointEvaluation.lean:17:9: warning: Variable name `p` is not explicitly referenced.

Hint: The binding can be removed (if unused) or named `_` (if used implicitly). Alternatively, prefix the name with `_` to silence this warning:
  [apply] _p

Note: This linter can be disabled with `set_option linter.unusedVariables false`

Linear.ProjectiveWholeFiberGoodPoint: exit 0; source e83abfbaff8262086cc9ef35361ec9e0c139fb530b06fc0541efd4242a0b078f
Linear\ProjectiveWholeFiberGoodPoint.lean:43:2: warning: Try this: 
  letI̵

The goal is a proposition, so `let` is preferred over `letI`.
The difference between `let` and `letI` is that `letI` inlines the value.
But this is not relevant for proofs because of proof irrelevance.

Note: This linter can be disabled with `set_option linter.style.haveILetI false`

Linear: exit 0; source 1925d2796c401b0eabb4053ebbffc724ede21c0f1ce164884238efbca2fdc243
