Section43.strict_divisibility_wellFounded: []
Section43.MinusThree.nonzero_accessible: [propext, Classical.choice, Quot.sound]
Section43.MinusThree.instNoZeroDivisorsD: [propext, Classical.choice, Quot.sound]
Section43.irreducible_iff_prime: []
Section43.Quadratic.absNorm: []
Section43.MinusThree.two_not_prime: [propext, Quot.sound]
Section43.standard_factorization_exists: [propext, Classical.choice, Quot.sound]
Section43.MinusThree.minus: []
Section43.MinusThree.absNorm_ne_zero: [propext, Classical.choice, Quot.sound]
Section43.MinusThree.not_uniqueFactorizationMonoid: [propext, Classical.choice, Quot.sound]
Section43.Examples.two_divides_one_rat: [propext, Classical.choice, Quot.sound]
Section43.MinusThree.minus_irreducible: [propext, Classical.choice, Quot.sound]
Section43.Quadratic.squarefree_nonsquare: [propext, Classical.choice, Quot.sound]
Section43.MinusThree.two_not_dvd_minus: [propext, Quot.sound]
Section43.MinusThree.two_irreducible: [propext, Classical.choice, Quot.sound]
Section43.instGCDMonoid_section43: [propext, Classical.choice, Quot.sound]
Section43.MinusThree.no_norm_two: [propext, Classical.choice, Quot.sound]
Section43.Examples.X_not_dvd_two: [propext, Classical.choice, Quot.sound]
Section43.MinusThree.two_not_associated_minus: [propext, Quot.sound]
Section43.Quadratic.absNorm_eq_zero_iff: [propext, Classical.choice, Quot.sound]
Section43.associated_iff_mutual_divisibility: [propext, Classical.choice, Quot.sound]
Section43.MinusThree.irreducible_factorization_exists: [propext, Classical.choice, Quot.sound]
Section43.ufd_iff_no_infinite_chain_and_prime_irreducibles: [propext, Classical.choice, Quot.sound]
Section43.Examples.gaussian_associated: [propext, Quot.sound]
Section43.divides_iff: []
Section43.ufd_of_chain_condition_and_prime_irreducibles: [propext]
Section43.Examples.two_X_relatively_prime: [propext, Classical.choice, Quot.sound]
Section43.MinusThree.irreducible_of_norm_four: [propext, Classical.choice, Quot.sound]
Section43.Quadratic.absNorm_mul: [propext, Quot.sound]
Section43.gcd_prime_exponent: [propext, Classical.choice, Quot.sound]
Section43.MinusThree.plus_not_associated_minus: [propext, Classical.choice, Quot.sound]
Section43.gcd_zero: [propext, Classical.choice, Quot.sound]
Section43.IsGreatestCommonDivisor: []
Section43.relatively_prime_iff_unit_gcd: [propext, Classical.choice, Quot.sound]
Section43.associated_iff_unit_multiple: []
Section43.MinusThree.instIsDomainD: [propext, Classical.choice, Quot.sound]
Section43.MinusThree.plus: []
Section43.Quadratic.absNorm_formula: [propext]
Section43.MinusThree.two_factorizations: [propext, Quot.sound]
Section43.Quadratic.absNorm.eq_1: []
Section43.MinusThree.D: []
Section43.MinusThree.units_are_signs: [propext, Classical.choice, Quot.sound]
Section43.divides_trans: []
Section43.Quadratic.absNorm_eq_one_iff: [propext, Quot.sound]
Section43.relatively_prime_divides_product: [propext, Classical.choice, Quot.sound]
Section43.normalized_power_factorization: [propext, Classical.choice, Quot.sound]
Section43.no_infinite_proper_divisor_chain: [propext, Classical.choice, Quot.sound]
Section43.Examples.two_X_not_isCoprime: [propext, Classical.choice, Quot.sound]
Section43.principal_ideals_eq_iff: [propext, Classical.choice, Quot.sound]
Section43.MinusThree.minus.eq_1: []
Section43.MinusThree.two_not_associated_plus: [propext, Quot.sound]
Section43.gcd_unique_up_to_association: [propext, Classical.choice, Quot.sound]
Section43.MinusThree.instWfDvdMonoidD: [propext, Classical.choice, Quot.sound]
Section43.relatively_prime_product_divides: [propext, Classical.choice, Quot.sound]
Section43.divides_linear_combination: [propext]
Section43.MinusThree.plus_irreducible: [propext, Classical.choice, Quot.sound]
Section43.Examples.two_not_divides_one_int: [propext, Classical.choice, Quot.sound]
Section43.Examples.gcd_seventyTwo_oneTwenty: [propext]
Section43.gcd_exists: [propext, Classical.choice, Quot.sound]
Section43.Examples.two_X_no_bezout: [propext, Classical.choice, Quot.sound]
Section43.ufd_iff_unique_factorization: [propext, Classical.choice, Quot.sound]
Section43.Examples.factorization_sixty: [propext]
Section43.ufd_iff_chain_condition_and_prime_irreducibles: [propext]
Section43.factorization_unique: [propext, Classical.choice, Quot.sound]
Section43.MinusThree.norm_nonneg: [propext, Classical.choice, Quot.sound]
Section43.factorization_exists: [propext, Classical.choice, Quot.sound]
Section43.relatively_prime_gcd_product: [propext, Classical.choice, Quot.sound]
Section43.MinusThree.two_not_dvd_plus: [propext, Quot.sound]
Section43.prime_is_irreducible: [propext]
Section43.association_equivalence: [propext]
Section43.MinusThree.plus.eq_1: []
Section43.Quadratic.absNorm_dvd_of_dvd: [propext, Quot.sound]
AUDIT PASSED: 72 declarations; only standard axioms.
