⚠ [1503/1505] Built Section43.Basic (2.1s)
warning: Section43/Basic.lean:26:0: automatically included section variable(s) unused in theorem `Section43.divides_iff`:
  hDomain
consider restructuring your `variable` declarations so that the variables are not in scope or explicitly omit them:
  omit hDomain in theorem ...

Note: This linter can be disabled with `set_option linter.unusedSectionVars false`
warning: Section43/Basic.lean:29:0: automatically included section variable(s) unused in theorem `Section43.divides_trans`:
  hDomain
consider restructuring your `variable` declarations so that the variables are not in scope or explicitly omit them:
  omit hDomain in theorem ...

Note: This linter can be disabled with `set_option linter.unusedSectionVars false`
warning: Section43/Basic.lean:33:0: automatically included section variable(s) unused in theorem `Section43.divides_linear_combination`:
  hDomain
consider restructuring your `variable` declarations so that the variables are not in scope or explicitly omit them:
  omit hDomain in theorem ...

Note: This linter can be disabled with `set_option linter.unusedSectionVars false`
warning: Section43/Basic.lean:47:0: automatically included section variable(s) unused in theorem `Section43.associated_iff_unit_multiple`:
  hDomain
consider restructuring your `variable` declarations so that the variables are not in scope or explicitly omit them:
  omit hDomain in theorem ...

Note: This linter can be disabled with `set_option linter.unusedSectionVars false`
warning: Section43/Basic.lean:55:0: automatically included section variable(s) unused in theorem `Section43.association_equivalence`:
  hDomain
consider restructuring your `variable` declarations so that the variables are not in scope or explicitly omit them:
  omit hDomain in theorem ...

Note: This linter can be disabled with `set_option linter.unusedSectionVars false`
warning: Section43/Basic.lean:66:0: automatically included section variable(s) unused in theorem `Section43.factorization_exists`:
  hDomain
consider restructuring your `variable` declarations so that the variables are not in scope or explicitly omit them:
  omit hDomain in theorem ...

Note: This linter can be disabled with `set_option linter.unusedSectionVars false`
warning: Section43/Basic.lean:71:0: automatically included section variable(s) unused in theorem `Section43.factorization_unique`:
  hDomain
consider restructuring your `variable` declarations so that the variables are not in scope or explicitly omit them:
  omit hDomain in theorem ...

Note: This linter can be disabled with `set_option linter.unusedSectionVars false`
warning: Section43/Basic.lean:77:0: automatically included section variable(s) unused in theorem `Section43.irreducible_iff_prime`:
  hDomain
consider restructuring your `variable` declarations so that the variables are not in scope or explicitly omit them:
  omit hDomain in theorem ...

Note: This linter can be disabled with `set_option linter.unusedSectionVars false`
warning: Section43/Basic.lean:82:0: automatically included section variable(s) unused in theorem `Section43.normalized_power_factorization`:
  hDomain
consider restructuring your `variable` declarations so that the variables are not in scope or explicitly omit them:
  omit hDomain in theorem ...

Note: This linter can be disabled with `set_option linter.unusedSectionVars false`
warning: Section43/Basic.lean:111:0: automatically included section variable(s) unused in theorem `Section43.strict_divisibility_wellFounded`:
  hDomain
consider restructuring your `variable` declarations so that the variables are not in scope or explicitly omit them:
  omit hDomain in theorem ...

Note: This linter can be disabled with `set_option linter.unusedSectionVars false`
warning: Section43/Basic.lean:174:0: automatically included section variable(s) unused in theorem `Section43.gcd_exists`:
  hDomain
consider restructuring your `variable` declarations so that the variables are not in scope or explicitly omit them:
  omit hDomain in theorem ...

Note: This linter can be disabled with `set_option linter.unusedSectionVars false`
warning: Section43/Basic.lean:178:0: automatically included section variable(s) unused in theorem `Section43.gcd_prime_exponent`:
  hDomain
consider restructuring your `variable` declarations so that the variables are not in scope or explicitly omit them:
  omit hDomain in theorem ...

Note: This linter can be disabled with `set_option linter.unusedSectionVars false`
warning: Section43/Basic.lean:186:0: automatically included section variable(s) unused in theorem `Section43.gcd_zero`:
  hDomain
consider restructuring your `variable` declarations so that the variables are not in scope or explicitly omit them:
  omit hDomain in theorem ...

Note: This linter can be disabled with `set_option linter.unusedSectionVars false`
warning: Section43/Basic.lean:196:0: automatically included section variable(s) unused in theorem `Section43.relatively_prime_iff_unit_gcd`:
  hDomain
consider restructuring your `variable` declarations so that the variables are not in scope or explicitly omit them:
  omit hDomain in theorem ...

Note: This linter can be disabled with `set_option linter.unusedSectionVars false`
warning: Section43/Basic.lean:200:0: automatically included section variable(s) unused in theorem `Section43.relatively_prime_divides_product`:
  hDomain
consider restructuring your `variable` declarations so that the variables are not in scope or explicitly omit them:
  omit hDomain in theorem ...

Note: This linter can be disabled with `set_option linter.unusedSectionVars false`
warning: Section43/Basic.lean:205:0: automatically included section variable(s) unused in theorem `Section43.relatively_prime_product_divides`:
  hDomain
consider restructuring your `variable` declarations so that the variables are not in scope or explicitly omit them:
  omit hDomain in theorem ...

Note: This linter can be disabled with `set_option linter.unusedSectionVars false`
✔ [1504/1505] Built Section43 (1.7s)
Build completed successfully (1505 jobs).
